// Jest Snapshot v1, https://goo.gl/fbAQLP

exports[`DownloadDataContext Provider renders with basic productData 1`] = `
<div>
  children
</div>
`;
