// Jest Snapshot v1, https://goo.gl/fbAQLP

exports[`TimeSeriesViewerContext Provider renders with no props 1`] = `
<div>
  children
</div>
`;
