// Jest Snapshot v1, https://goo.gl/fbAQLP

exports[`ReleaseFilter Renders with no props 1`] = `
<div
  style={
    Object {
      "maxWidth": "236px",
      "width": "100%",
    }
  }
>
  <div
    className="makeStyles-titleContainer-2"
  >
    <h3
      className="MuiTypography-root makeStyles-title-1 MuiTypography-h5"
      id="release-filter-label-id1"
    >
      Release
    </h3>
    <button
      aria-describedby={null}
      aria-label={
        <div>
          A data release is a set of data files that is static (unchanging), always available to end users, and citable. See 
          <ForwardRef(WithStyles)
            href="https://www.neonscience.org/data-samples/data-management/data-revisions-releases"
            target="_blank"
          >
            Data Product Revisions and Releases
          </ForwardRef(WithStyles)>
           for more details.
        </div>
      }
      className="MuiButtonBase-root MuiIconButton-root MuiIconButton-sizeSmall"
      disabled={false}
      onBlur={[Function]}
      onDragLeave={[Function]}
      onFocus={[Function]}
      onKeyDown={[Function]}
      onKeyUp={[Function]}
      onMouseDown={[Function]}
      onMouseLeave={[Function]}
      onMouseOver={[Function]}
      onMouseUp={[Function]}
      onTouchEnd={[Function]}
      onTouchMove={[Function]}
      onTouchStart={[Function]}
      style={
        Object {
          "marginLeft": 4,
        }
      }
      tabIndex={0}
      title={null}
      type="button"
    >
      <span
        className="MuiIconButton-label"
      >
        <svg
          aria-hidden={true}
          className="MuiSvgIcon-root MuiSvgIcon-fontSizeSmall"
          focusable="false"
          viewBox="0 0 24 24"
        >
          <path
            d="M11 7h2v2h-2zm0 4h2v6h-2zm1-9C6.48 2 2 6.48 2 12s4.48 10 10 10 10-4.48 10-10S17.52 2 12 2zm0 18c-4.41 0-8-3.59-8-8s3.59-8 8-8 8 3.59 8 8-3.59 8-8 8z"
          />
        </svg>
      </span>
      <span
        className="MuiTouchRipple-root"
      />
    </button>
  </div>
  <div
    aria-labelledby="release-filter-label-id1"
    className="MuiInputBase-root MuiOutlinedInput-root makeStyles-selectInput-3 Mui-disabled Mui-disabled MuiInputBase-marginDense MuiOutlinedInput-marginDense"
    data-selenium="release-filter"
    onClick={[Function]}
    style={
      Object {
        "maxWidth": "236px",
      }
    }
  >
    <div
      aria-disabled="true"
      aria-haspopup="listbox"
      aria-labelledby="mui-component-select-release-filter-input-id1"
      className="MuiSelect-root MuiSelect-select MuiSelect-selectMenu MuiInputBase-input MuiOutlinedInput-input Mui-disabled Mui-disabled MuiInputBase-inputMarginDense MuiOutlinedInput-inputMarginDense Mui-disabled"
      id="mui-component-select-release-filter-input-id1"
      onBlur={[Function]}
      onFocus={[Function]}
      onKeyDown={[Function]}
      onMouseDown={null}
      role="button"
      tabIndex={null}
    >
      Latest and Provisional
    </div>
    <input
      aria-hidden={true}
      className="MuiSelect-nativeInput"
      id="release-filter-input-id1"
      name="release-filter-input-id1"
      onAnimationStart={[Function]}
      onChange={[Function]}
      tabIndex={-1}
      value="Latest and Provisional"
    />
    <svg
      aria-hidden={true}
      className="MuiSvgIcon-root MuiSelect-icon Mui-disabled"
      focusable="false"
      viewBox="0 0 24 24"
    >
      <path
        d="M7 10l5 5 5-5z"
      />
    </svg>
    <fieldset
      aria-hidden={true}
      className="PrivateNotchedOutline-root-13 MuiOutlinedInput-notchedOutline"
      style={
        Object {
          "paddingLeft": 8,
        }
      }
    >
      <legend
        className="PrivateNotchedOutline-legend-14"
        style={
          Object {
            "width": 0.01,
          }
        }
      >
        <span
          dangerouslySetInnerHTML={
            Object {
              "__html": "&#8203;",
            }
          }
        />
      </legend>
    </fieldset>
  </div>
  <div
    className="makeStyles-descriptionContainer-4"
  >
    <span
      className="MuiTypography-root makeStyles-description-6 MuiTypography-caption"
    >
      Data in the latest release in addition to provisional data (not yet in any release)
    </span>
  </div>
</div>
`;
